// Jest Snapshot v1, https://goo.gl/fbAQLP

exports[`<ProductCategoryRow /> should  render 1`] = `
<div>
  <table>
    <tbody>
      <tr>
        <th>
          
        </th>
      </tr>
    </tbody>
  </table>
</div>
`;
